<?xml version="1.0"?>
<testsuites>
  <testsuite name="GetCountries" file="Countries\GetCountries.yml" errors="1" failures="0" skipped="0" tests="1" timestamp="2026-05-25T21:26:33.997" hostname="LAPTOP-8LULUCFL" time="0.182">
    <testcase name="Test suite has no errors" status="fail" classname="http://{{base_URL}}" time="0.182">
      <error type="error" message="getaddrinfo ENOTFOUND {{base_url}}"/>
    </testcase>
  </testsuite>
  <testsuite name="GetCountryByCode" file="Countries\GetCountryByCode.yml" errors="1" failures="0" skipped="0" tests="1" timestamp="2026-05-25T21:26:33.997" hostname="LAPTOP-8LULUCFL" time="0.012">
    <testcase name="Test suite has no errors" status="fail" classname="http://{{base_URL}}" time="0.012">
      <error type="error" message="getaddrinfo ENOTFOUND {{base_url}}"/>
    </testcase>
  </testsuite>
  <testsuite name="GetCountriesByContinent" file="Countries\GetCountriesByContinent.yml" errors="1" failures="0" skipped="0" tests="1" timestamp="2026-05-25T21:26:33.997" hostname="LAPTOP-8LULUCFL" time="0.008">
    <testcase name="Test suite has no errors" status="fail" classname="http://{{base_URL}}" time="0.008">
      <error type="error" message="getaddrinfo ENOTFOUND {{base_url}}"/>
    </testcase>
  </testsuite>
</testsuites>